DIAGNOSTIC light:fatal
url=http://127.0.0.1:5173/cases
body=Dashboard
Nhập hồ sơ
Quản lý hồ sơ
Công việc
Sơ bộ
Danh bạ
Templates
Cấu hình
A
admin
Đăng xuất
Quản lý hồ sơ
Quản lý công nợ
Trạng thái
Nguồn / Ngân hàng
Chi nhánh thẩm định
Người thẩm định
Tháng thực hiện
Thanh toán
Danh sách hồ sơ thẩm định
Thêm hồ sơ
Import Excel
Export Excel
HỒ SƠ
	GHI CHÚ
	TÀI SẢN
	PHÍ
	TRẠNG THÁI
	THAO TÁC NHANH


HỒ SƠ
	
GHI CHÚ
	
TÀI SẢN
	
PHÍ
	
TRẠNG THÁI
	
THAO TÁC NHANH


No data
Hệ thống Thẩm định Giá Cenvalue ©2026 - SPA Migration
pageErrors=[]
consoleErrors=["Warning: [antd: Spin] `tip` is deprecated. Please use `description` instead.","Warning: [antd: Drawer] `width` is deprecated. Please use `size` instead.","Warning: [antd: Card] `bodyStyle` is deprecated. Please use `styles.body` instead.","Warning: [antd: Progress] `trailColor` is deprecated. Please use `railColor` instead.","Warning: [antd: Modal] `destroyOnClose` is deprecated. Please use `destroyOnHidden` instead."]
node:internal/modules/run_main:122
    triggerUncaughtException(
    ^

AssertionError [ERR_ASSERTION]: light: document root/body/dashboard styles or custom properties changed after client-side /re visit
+ actual - expected
... Skipped lines

  {
    bodyComputed: {
      background: 'rgba(0, 0, 0, 0)',
      fontFamily: 'system-ui, "Segoe UI", Roboto, sans-serif',
      fontSize: '18px',
...
      '--border': '#e5e4e7',
+     '--border-width': '999px',
      '--code-bg': '#f4f3ec',
+     '--color-accent': 'rgb(1, 2, 3)',
      '--heading': "system-ui, 'Segoe UI', Roboto, sans-serif",
      '--mono': 'ui-monospace, Consolas, monospace',
      '--sans': "system-ui, 'Segoe UI', Roboto, sans-serif",
      '--shadow': 'rgba(0, 0, 0, 0.1) 0 10px 15px -3px, rgba(0, 0, 0, 0.05) 0 4px 6px -2px',
      '--social-bg': 'rgba(244, 243, 236, 0.5)',

    at runAdminIsolationScenario (file:///tmp/pw/smoke.mjs:188:12)
    at async file:///tmp/pw/smoke.mjs:218:32 {
  generatedMessage: false,
  code: 'ERR_ASSERTION',
  actual: {
    rootAttributes: { dataTheme: 'light', dataAstryxTheme: null },
    rootCustomProperties: {
      '--accent': '#007f7a',
      '--accent-bg': 'rgba(0, 127, 122, 0.10)',
      '--accent-border': 'rgba(0, 127, 122, 0.42)',
      '--bg': '#fff',
      '--border': '#e5e4e7',
      '--border-width': '999px',
      '--code-bg': '#f4f3ec',
      '--color-accent': 'rgb(1, 2, 3)',
      '--heading': "system-ui, 'Segoe UI', Roboto, sans-serif",
      '--mono': 'ui-monospace, Consolas, monospace',
      '--sans': "system-ui, 'Segoe UI', Roboto, sans-serif",
      '--shadow': 'rgba(0, 0, 0, 0.1) 0 10px 15px -3px, rgba(0, 0, 0, 0.05) 0 4px 6px -2px',
      '--social-bg': 'rgba(244, 243, 236, 0.5)',
      '--text': '#6b6375',
      '--text-h': '#08060d'
    },
    rootComputed: {
      colorScheme: 'light dark',
      fontFamily: 'system-ui, "Segoe UI", Roboto, sans-serif',
      fontSize: '18px'
    },
    bodyComputed: {
      fontFamily: 'system-ui, "Segoe UI", Roboto, sans-serif',
      fontSize: '18px',
      margin: '0px',
      background: 'rgba(0, 0, 0, 0)'
    },
    targetComputed: {
      fontFamily: 'system-ui, "Segoe UI", Roboto, sans-serif',
      fontSize: '32px',
      color: 'rgb(15, 23, 42)',
      borderRadius: '0px',
      background: 'rgba(0, 0, 0, 0)'
    }
  },
  expected: {
    rootAttributes: { dataTheme: 'light', dataAstryxTheme: null },
    rootCustomProperties: {
      '--accent': '#007f7a',
      '--accent-bg': 'rgba(0, 127, 122, 0.10)',
      '--accent-border': 'rgba(0, 127, 122, 0.42)',
      '--bg': '#fff',
      '--border': '#e5e4e7',
      '--code-bg': '#f4f3ec',
      '--heading': "system-ui, 'Segoe UI', Roboto, sans-serif",
      '--mono': 'ui-monospace, Consolas, monospace',
      '--sans': "system-ui, 'Segoe UI', Roboto, sans-serif",
      '--shadow': 'rgba(0, 0, 0, 0.1) 0 10px 15px -3px, rgba(0, 0, 0, 0.05) 0 4px 6px -2px',
      '--social-bg': 'rgba(244, 243, 236, 0.5)',
      '--text': '#6b6375',
      '--text-h': '#08060d'
    },
    rootComputed: {
      colorScheme: 'light dark',
      fontFamily: 'system-ui, "Segoe UI", Roboto, sans-serif',
      fontSize: '18px'
    },
    bodyComputed: {
      fontFamily: 'system-ui, "Segoe UI", Roboto, sans-serif',
      fontSize: '18px',
      margin: '0px',
      background: 'rgba(0, 0, 0, 0)'
    },
    targetComputed: {
      fontFamily: 'system-ui, "Segoe UI", Roboto, sans-serif',
      fontSize: '32px',
      color: 'rgb(15, 23, 42)',
      borderRadius: '0px',
      background: 'rgba(0, 0, 0, 0)'
    }
  },
  operator: 'deepStrictEqual'
}

Node.js v22.13.0
